Archive member included because of file (symbol)

c:/program files (x86)/arduino/hardware/tools/avr/bin/../lib/gcc/avr/4.3.2/avr5\libgcc.a(_copy_data.o)
                              Output/Blinker-Prog.obj (__do_copy_data)
c:/program files (x86)/arduino/hardware/tools/avr/bin/../lib/gcc/avr/4.3.2/avr5\libgcc.a(_clear_bss.o)
                              Output/Blinker-Prog.obj (__do_clear_bss)

Allocating common symbols
Common symbol       size              file

ledArray            0xc               Output/Blinker-Prog.obj
Em_App_recvIdx      0x1               Output/Blinker.obj
Em_App_xmitSize     0x1               Output/Blinker.obj
Em_App_valp         0x2               Output/Blinker.obj
Em_App_ind_u        0xc               Output/Blinker.obj
pattern             0x6               Output/Blinker-Prog.obj
Em_App_recvSize     0x1               Output/Blinker.obj
Em_App_msg_u        0x1c              Output/Blinker.obj
current             0x2               Output/Blinker-Prog.obj
Em_App_pdHdlr       0x2               Output/Blinker.obj
Em_App_bufp         0x2               Output/Blinker.obj
Em_App_xmitIdx      0x1               Output/Blinker.obj
Em_App_desc         0x2               Output/Blinker.obj

Discarded input sections

 .data          0x00000000        0x0 ../Platform-Arduino-Uno/Avr/crt0.o
 .bss           0x00000000        0x0 ../Platform-Arduino-Uno/Avr/crt0.o
 .text          0x00000000        0x0 Output/Blinker-Prog.obj
 .data          0x00000000        0x0 Output/Blinker-Prog.obj
 .bss           0x00000000        0x0 Output/Blinker-Prog.obj
 .text          0x00000000        0x0 Output/Blinker.obj
 .data          0x00000000        0x0 Output/Blinker.obj
 .bss           0x00000000        0x0 Output/Blinker.obj
 .text.Em_App_marshallToBuf
                0x00000000        0x0 Output/Blinker.obj
 .text.Em_App_marshallToVal
                0x00000000        0x0 Output/Blinker.obj
 .text.Em_App_xmitReady
                0x00000000        0x0 Output/Blinker.obj
 .text.Em_App_startIndSend
                0x00000000        0x0 Output/Blinker.obj
 .text.Blinker_reset
                0x00000000        0x0 Output/Blinker.obj
 .text.Blinker_broadcastOff
                0x00000000        0x0 Output/Blinker.obj
 .text.Blinker_activateParameters
                0x00000000        0x0 Output/Blinker.obj
 .text.Blinker_accept
                0x00000000        0x0 Output/Blinker.obj
 .text.Em_Message_restart
                0x00000000        0x0 Output/Blinker.obj
 .text.Blinker_disconnect
                0x00000000        0x0 Output/Blinker.obj
 .text.Blinker_pairingOn
                0x00000000        0x0 Output/Blinker.obj
 .text.Blinker_pairingOff
                0x00000000        0x0 Output/Blinker.obj
 .text.Em_App_sendResponse
                0x00000000        0x0 Output/Blinker.obj
 .rodata.Em_App_build
                0x00000000        0x0 Output/Blinker.obj
 .text          0x00000000        0x0 Output/Hal.obj
 .data          0x00000000        0x0 Output/Hal.obj
 .bss           0x00000000        0x0 Output/Hal.obj
 .text.Hal_buttonEnable
                0x00000000        0x0 Output/Hal.obj
 .text.Hal_debugOn
                0x00000000        0x0 Output/Hal.obj
 .text.Hal_debugOff
                0x00000000        0x0 Output/Hal.obj
 .text.Hal_debugPulse
                0x00000000        0x0 Output/Hal.obj
 .text.Hal_delay
                0x00000000        0x0 Output/Hal.obj
 .text.Hal_User_ledToggle
                0x00000000        0x0 Output/Hal.obj
 .text.Hal_ledOff
                0x00000000        0x0 Output/Hal.obj
 .text.Hal_ledToggle
                0x00000000        0x0 Output/Hal.obj
 .text.Em_Hal_watchOn
                0x00000000        0x0 Output/Hal.obj
 .text.Em_Hal_watchOff
                0x00000000        0x0 Output/Hal.obj
 .text          0x00000000        0x0 c:/program files (x86)/arduino/hardware/tools/avr/bin/../lib/gcc/avr/4.3.2/avr5\libgcc.a(_copy_data.o)
 .data          0x00000000        0x0 c:/program files (x86)/arduino/hardware/tools/avr/bin/../lib/gcc/avr/4.3.2/avr5\libgcc.a(_copy_data.o)
 .bss           0x00000000        0x0 c:/program files (x86)/arduino/hardware/tools/avr/bin/../lib/gcc/avr/4.3.2/avr5\libgcc.a(_copy_data.o)
 .text.libgcc   0x00000000        0x0 c:/program files (x86)/arduino/hardware/tools/avr/bin/../lib/gcc/avr/4.3.2/avr5\libgcc.a(_copy_data.o)
 .text          0x00000000        0x0 c:/program files (x86)/arduino/hardware/tools/avr/bin/../lib/gcc/avr/4.3.2/avr5\libgcc.a(_clear_bss.o)
 .data          0x00000000        0x0 c:/program files (x86)/arduino/hardware/tools/avr/bin/../lib/gcc/avr/4.3.2/avr5\libgcc.a(_clear_bss.o)
 .bss           0x00000000        0x0 c:/program files (x86)/arduino/hardware/tools/avr/bin/../lib/gcc/avr/4.3.2/avr5\libgcc.a(_clear_bss.o)
 .text.libgcc   0x00000000        0x0 c:/program files (x86)/arduino/hardware/tools/avr/bin/../lib/gcc/avr/4.3.2/avr5\libgcc.a(_clear_bss.o)

Memory Configuration

Name             Origin             Length             Attributes
text             0x00000000         0x00020000         xr
data             0x00800060         0x0000ffa0         rw !x
eeprom           0x00810000         0x00010000         rw !x
fuse             0x00820000         0x00000400         rw !x
lock             0x00830000         0x00000400         rw !x
signature        0x00840000         0x00000400         rw !x
*default*        0x00000000         0xffffffff

Linker script and memory map

Address of section .data set to 0x800100
LOAD ../Platform-Arduino-Uno/Avr/crt0.o
LOAD Output/Blinker-Prog.obj
LOAD Output/Blinker.obj
LOAD Output/Hal.obj
LOAD c:/program files (x86)/arduino/hardware/tools/avr/bin/../lib/gcc/avr/4.3.2/avr5\libgcc.a
LOAD c:/program files (x86)/arduino/hardware/tools/avr/bin/../lib/gcc/avr/4.3.2/../../../../avr/lib/avr5\libc.a

.hash
 *(.hash)

.dynsym
 *(.dynsym)

.dynstr
 *(.dynstr)

.gnu.version
 *(.gnu.version)

.gnu.version_d
 *(.gnu.version_d)

.gnu.version_r
 *(.gnu.version_r)

.rel.init
 *(.rel.init)

.rela.init
 *(.rela.init)

.rel.text
 *(.rel.text)
 *(.rel.text.*)
 *(.rel.gnu.linkonce.t*)

.rela.text
 *(.rela.text)
 *(.rela.text.*)
 *(.rela.gnu.linkonce.t*)

.rel.fini
 *(.rel.fini)

.rela.fini
 *(.rela.fini)

.rel.rodata
 *(.rel.rodata)
 *(.rel.rodata.*)
 *(.rel.gnu.linkonce.r*)

.rela.rodata
 *(.rela.rodata)
 *(.rela.rodata.*)
 *(.rela.gnu.linkonce.r*)

.rel.data
 *(.rel.data)
 *(.rel.data.*)
 *(.rel.gnu.linkonce.d*)

.rela.data
 *(.rela.data)
 *(.rela.data.*)
 *(.rela.gnu.linkonce.d*)

.rel.ctors
 *(.rel.ctors)

.rela.ctors
 *(.rela.ctors)

.rel.dtors
 *(.rel.dtors)

.rela.dtors
 *(.rela.dtors)

.rel.got
 *(.rel.got)

.rela.got
 *(.rela.got)

.rel.bss
 *(.rel.bss)

.rela.bss
 *(.rela.bss)

.rel.plt
 *(.rel.plt)

.rela.plt
 *(.rela.plt)

xdc.meta
 *(xdc.meta)

.text           0x00000000      0xc52
 *(.vectors)
 .vectors       0x00000000       0x68 ../Platform-Arduino-Uno/Avr/crt0.o
                0x00000000                __vectors
                0x00000000                __vector_default
 *(.vectors)
 *(.progmem.gcc*)
 *(.progmem*)
                0x00000068                . = ALIGN (0x2)
                0x00000068                __trampolines_start = .
 *(.trampolines)
 .trampolines   0x00000068        0x0 linker stubs
 *(.trampolines*)
                0x00000068                __trampolines_end = .
 *(.jumptables)
 *(.jumptables*)
 *(.lowtext)
 *(.lowtext*)
                0x00000068                __ctors_start = .
 *(.ctors)
                0x00000068                __ctors_end = .
                0x00000068                __dtors_start = .
 *(.dtors)
                0x00000068                __dtors_end = .
 SORT(*)(.ctors)
 SORT(*)(.dtors)
 *(.init0)
 .init0         0x00000068        0x0 ../Platform-Arduino-Uno/Avr/crt0.o
                0x00000068                __init
 *(.init0)
 *(.init1)
 *(.init1)
 *(.init2)
 .init2         0x00000068        0xc ../Platform-Arduino-Uno/Avr/crt0.o
 *(.init2)
 *(.init3)
 *(.init3)
 *(.init4)
 .init4         0x00000074       0x16 c:/program files (x86)/arduino/hardware/tools/avr/bin/../lib/gcc/avr/4.3.2/avr5\libgcc.a(_copy_data.o)
                0x00000074                __do_copy_data
 .init4         0x0000008a       0x10 c:/program files (x86)/arduino/hardware/tools/avr/bin/../lib/gcc/avr/4.3.2/avr5\libgcc.a(_clear_bss.o)
                0x0000008a                __do_clear_bss
 *(.init4)
 *(.init5)
 *(.init5)
 *(.init6)
 *(.init6)
 *(.init7)
 *(.init7)
 *(.init8)
 *(.init8)
 *(.init9)
 .init9         0x0000009a        0x4 ../Platform-Arduino-Uno/Avr/crt0.o
 *(.init9)
 *(.text)
 .text          0x0000009e        0x4 ../Platform-Arduino-Uno/Avr/crt0.o
                0x0000009e                __vector_22
                0x0000009e                __vector_24
                0x0000009e                __vector_12
                0x0000009e                __bad_interrupt
                0x0000009e                __vector_6
                0x0000009e                __vector_3
                0x0000009e                __vector_23
                0x0000009e                __vector_25
                0x0000009e                __vector_13
                0x0000009e                __vector_17
                0x0000009e                __vector_19
                0x0000009e                __vector_7
                0x0000009e                __vector_5
                0x0000009e                __vector_4
                0x0000009e                __vector_9
                0x0000009e                __vector_2
                0x0000009e                __vector_21
                0x0000009e                __vector_15
                0x0000009e                __vector_8
                0x0000009e                __vector_14
                0x0000009e                __vector_10
                0x0000009e                __vector_16
                0x0000009e                __vector_20
                0x000000a2                . = ALIGN (0x2)
 *(.text.*)
 .text.Blinker_cmd_store
                0x000000a2       0x36 Output/Blinker-Prog.obj
                0x000000a2                Blinker_cmd_store
 .text.Blinker_count_fetch
                0x000000d8       0x10 Output/Blinker-Prog.obj
                0x000000d8                Blinker_count_fetch
 .text.Blinker_count_store
                0x000000e8       0x10 Output/Blinker-Prog.obj
                0x000000e8                Blinker_count_store
 .text.Blinker_delay_fetch
                0x000000f8       0x10 Output/Blinker-Prog.obj
                0x000000f8                Blinker_delay_fetch
 .text.Blinker_delay_store
                0x00000108       0x10 Output/Blinker-Prog.obj
                0x00000108                Blinker_delay_store
 .text.Blinker_ledState_fetch
                0x00000118       0x14 Output/Blinker-Prog.obj
                0x00000118                Blinker_ledState_fetch
 .text.Blinker_disconnectHandler
                0x0000012c        0x6 Output/Blinker-Prog.obj
                0x0000012c                Blinker_disconnectHandler
 .text.Blinker_connectHandler
                0x00000132        0x6 Output/Blinker-Prog.obj
                0x00000132                Blinker_connectHandler
 .text.main     0x00000138       0x3e Output/Blinker-Prog.obj
                0x00000138                main
 .text.tickHandler
                0x00000176      0x118 Output/Blinker-Prog.obj
 .text.Em_App_startResSend
                0x0000028e       0x20 Output/Blinker.obj
                0x0000028e                Em_App_startResSend
 .text.Em_App_sendIndicator
                0x000002ae       0x44 Output/Blinker.obj
                0x000002ae                Em_App_sendIndicator
 .text.Em_Message_nextXmit
                0x000002f2       0x64 Output/Blinker.obj
                0x000002f2                Em_Message_nextXmit
 .text.Blinker_start
                0x00000356       0x54 Output/Blinker.obj
                0x00000356                Blinker_start
 .text.Em_App_sysStoreDispatch
                0x000003aa       0xaa Output/Blinker.obj
                0x000003aa                Em_App_sysStoreDispatch
 .text.Em_App_sysFetchDispatch
                0x00000454      0x12a Output/Blinker.obj
                0x00000454                Em_App_sysFetchDispatch
 .text.Em_App_storeDispatch
                0x0000057e       0xdc Output/Blinker.obj
                0x0000057e                Em_App_storeDispatch
 .text.Em_App_fetchDispatch
                0x0000065a       0xc8 Output/Blinker.obj
                0x0000065a                Em_App_fetchDispatch
 .text.Em_Message_dispatch
                0x00000722       0x76 Output/Blinker.obj
                0x00000722                Em_Message_dispatch
 .text.Blinker_ledState_indicate
                0x00000798       0x6c Output/Blinker.obj
                0x00000798                Blinker_ledState_indicate
 .text.Hal_connected
                0x00000804        0x2 Output/Hal.obj
                0x00000804                Hal_connected
 .text.Hal_disconnected
                0x00000806        0x2 Output/Hal.obj
                0x00000806                Hal_disconnected
 .text.Hal_init
                0x00000808       0x78 Output/Hal.obj
                0x00000808                Hal_init
 .text.Hal_idleLoop
                0x00000880       0x5a Output/Hal.obj
                0x00000880                Hal_idleLoop
 .text.Hal_User_ledOn
                0x000008da       0x6c Output/Hal.obj
                0x000008da                Hal_User_ledOn
 .text.Hal_User_ledOff
                0x00000946       0x6c Output/Hal.obj
                0x00000946                Hal_User_ledOff
 .text.Hal_ledRead
                0x000009b2       0x18 Output/Hal.obj
                0x000009b2                Hal_ledRead
 .text.Hal_tickStart
                0x000009ca       0x3e Output/Hal.obj
                0x000009ca                Hal_tickStart
 .text.Em_Hal_lock
                0x00000a08        0x8 Output/Hal.obj
                0x00000a08                Em_Hal_lock
 .text.Em_Hal_startSend
                0x00000a10       0x1c Output/Hal.obj
                0x00000a10                Em_Hal_startSend
 .text.Em_Hal_unlock
                0x00000a2c        0xc Output/Hal.obj
                0x00000a2c                Em_Hal_unlock
 .text.__vector_18
                0x00000a38       0xa4 Output/Hal.obj
                0x00000a38                __vector_18
 .text.__vector_11
                0x00000adc       0x4e Output/Hal.obj
                0x00000adc                __vector_11
 .text.__vector_1
                0x00000b2a       0x92 Output/Hal.obj
                0x00000b2a                __vector_1
 .text.Em_Hal_reset
                0x00000bbc       0x96 Output/Hal.obj
                0x00000bbc                Em_Hal_reset
                0x00000c52                . = ALIGN (0x2)
 *(.fini9)
 *(.fini9)
 *(.fini8)
 *(.fini8)
 *(.fini7)
 *(.fini7)
 *(.fini6)
 *(.fini6)
 *(.fini5)
 *(.fini5)
 *(.fini4)
 *(.fini4)
 *(.fini3)
 *(.fini3)
 *(.fini2)
 *(.fini2)
 *(.fini1)
 *(.fini1)
 *(.fini0)
 *(.fini0)
                0x00000c52                _etext = .

.data           0x00800100      0x17a load address 0x00000c52
                0x00800100                PROVIDE (__data_start, .)
                0x00800200                . = (. + 0x100)
 *fill*         0x00800100      0x100 00
                0x00800200                em__stackEnd = .
 *(.data)
 *(.data*)
 .data.onOrOff  0x00800200        0x2 Output/Blinker-Prog.obj
                0x00800200                onOrOff
 .data.ledArray0
                0x00800202       0x1e Output/Blinker-Prog.obj
                0x00800202                ledArray0
 .data.ledArray1
                0x00800220       0x1e Output/Blinker-Prog.obj
                0x00800220                ledArray1
 .data.ledArray2
                0x0080023e       0x1e Output/Blinker-Prog.obj
                0x0080023e                ledArray2
 .data.delayVal
                0x0080025c        0x2 Output/Blinker-Prog.obj
 .data.countVal
                0x0080025e        0x2 Output/Blinker-Prog.obj
 .data.curCount
                0x00800260        0x2 Output/Blinker-Prog.obj
 .data.Em_App_inBuf
                0x00800262        0x2 Output/Blinker.obj
                0x00800262                Em_App_inBuf
 *(.rodata)
 *(.rodata*)
 .rodata.Em_App_hash
                0x00800264       0x13 Output/Blinker.obj
                0x00800264                Em_App_hash
 .rodata.Em_App_endian
                0x00800277        0x2 Output/Blinker.obj
                0x00800277                Em_App_endian
 *(.gnu.linkonce.d*)
                0x0080027a                . = ALIGN (0x2)
 *fill*         0x00800279        0x1 00
                0x0080027a                _edata = .
                0x0080027a                PROVIDE (__data_end, .)

.bss            0x0080027a       0x64 load address 0x00000dcc
                0x0080027a                PROVIDE (__bss_start, .)
 *(.bss)
 *(.bss*)
 .bss.cmdVal    0x0080027a        0x1 Output/Blinker-Prog.obj
 .bss.curTime   0x0080027b        0x2 Output/Blinker-Prog.obj
 .bss.Em_App_state
                0x0080027d        0x1 Output/Blinker.obj
                0x0080027d                Em_App_state
 .bss.Em_App_fileIndex
                0x0080027e        0x4 Output/Blinker.obj
                0x0080027e                Em_App_fileIndex
 .bss.Em_App_xmitMask
                0x00800282        0x4 Output/Blinker.obj
                0x00800282                Em_App_xmitMask
 .bss.Em_App_outBuf
                0x00800286        0x2 Output/Blinker.obj
                0x00800286                Em_App_outBuf
 .bss._Em_Message_rxBuf
                0x00800288        0x2 Output/Blinker.obj
                0x00800288                _Em_Message_rxBuf
 .bss._Em_Message_rxCnt
                0x0080028a        0x1 Output/Blinker.obj
                0x0080028a                _Em_Message_rxCnt
 .bss._Em_Message_txBuf
                0x0080028b        0x2 Output/Blinker.obj
                0x0080028b                _Em_Message_txBuf
 .bss._Em_Message_txCnt
                0x0080028d        0x1 Output/Blinker.obj
                0x0080028d                _Em_Message_txCnt
 .bss.handlerEvents
                0x0080028e        0x2 Output/Hal.obj
 .bss.handlerTab
                0x00800290        0x6 Output/Hal.obj
 *(COMMON)
 COMMON         0x00800296       0x14 Output/Blinker-Prog.obj
                0x00800296                ledArray
                0x008002a2                pattern
                0x008002a8                current
 COMMON         0x008002aa       0x34 Output/Blinker.obj
                0x008002aa                Em_App_recvIdx
                0x008002ab                Em_App_xmitSize
                0x008002ac                Em_App_valp
                0x008002ae                Em_App_ind_u
                0x008002ba                Em_App_recvSize
                0x008002bb                Em_App_msg_u
                0x008002d7                Em_App_pdHdlr
                0x008002d9                Em_App_bufp
                0x008002db                Em_App_xmitIdx
                0x008002dc                Em_App_desc
                0x008002de                PROVIDE (__bss_end, .)
                0x00000c52                __data_load_start = LOADADDR (.data)
                0x00000dcc                __data_load_end = (__data_load_start + SIZEOF (.data))

.noinit         0x008002de        0x0
                0x008002de                PROVIDE (__noinit_start, .)
 *(.noinit*)
                0x008002de                PROVIDE (__noinit_end, .)
                0x008002de                _end = .
                0x008002de                PROVIDE (__heap_start, .)

.eeprom         0x00810000        0x0
 *(.eeprom*)
                0x00810000                __eeprom_end = .

.fuse
 *(.fuse)
 *(.lfuse)
 *(.hfuse)
 *(.efuse)

.lock
 *(.lock*)

.signature
 *(.signature*)

.stab
 *(.stab)

.stabstr
 *(.stabstr)

.stab.excl
 *(.stab.excl)

.stab.exclstr
 *(.stab.exclstr)

.stab.index
 *(.stab.index)

.stab.indexstr
 *(.stab.indexstr)

.comment
 *(.comment)

.debug
 *(.debug)

.line
 *(.line)

.debug_srcinfo
 *(.debug_srcinfo)

.debug_sfnames
 *(.debug_sfnames)

.debug_aranges  0x00000000      0x218
 *(.debug_aranges)
 .debug_aranges
                0x00000000       0x68 Output/Blinker-Prog.obj
 .debug_aranges
                0x00000068       0xd0 Output/Blinker.obj
 .debug_aranges
                0x00000138       0xe0 Output/Hal.obj

.debug_pubnames
                0x00000000      0x6f0
 *(.debug_pubnames)
 .debug_pubnames
                0x00000000      0x140 Output/Blinker-Prog.obj
 .debug_pubnames
                0x00000140      0x3d6 Output/Blinker.obj
 .debug_pubnames
                0x00000516      0x1da Output/Hal.obj

.debug_info     0x00000000     0x15c4
 *(.debug_info)
 .debug_info    0x00000000      0x3b0 Output/Blinker-Prog.obj
 .debug_info    0x000003b0      0xae6 Output/Blinker.obj
 .debug_info    0x00000e96      0x72e Output/Hal.obj
 *(.gnu.linkonce.wi.*)

.debug_abbrev   0x00000000      0x6b6
 *(.debug_abbrev)
 .debug_abbrev  0x00000000      0x105 Output/Blinker-Prog.obj
 .debug_abbrev  0x00000105      0x2b8 Output/Blinker.obj
 .debug_abbrev  0x000003bd      0x2f9 Output/Hal.obj

.debug_line     0x00000000     0x1860
 *(.debug_line)
 .debug_line    0x00000000      0x312 Output/Blinker-Prog.obj
 .debug_line    0x00000312      0xb22 Output/Blinker.obj
 .debug_line    0x00000e34      0xa2c Output/Hal.obj

.debug_frame    0x00000000      0x3d0
 *(.debug_frame)
 .debug_frame   0x00000000       0xb0 Output/Blinker-Prog.obj
 .debug_frame   0x000000b0      0x180 Output/Blinker.obj
 .debug_frame   0x00000230      0x1a0 Output/Hal.obj

.debug_str      0x00000000      0x875
 *(.debug_str)
 .debug_str     0x00000000      0x2aa Output/Blinker-Prog.obj
                                0x2e6 (size before relaxing)
 .debug_str     0x000002aa      0x39e Output/Blinker.obj
                                0x4f0 (size before relaxing)
 .debug_str     0x00000648      0x22d Output/Hal.obj
                                0x384 (size before relaxing)

.debug_loc      0x00000000      0x54f
 *(.debug_loc)
 .debug_loc     0x00000000       0xf0 Output/Blinker-Prog.obj
 .debug_loc     0x000000f0      0x38a Output/Blinker.obj
 .debug_loc     0x0000047a       0xd5 Output/Hal.obj

.debug_macinfo
 *(.debug_macinfo)

xdc.noload
OUTPUT(Output/Blinker-Prog.out elf32-avr)
LOAD linker stubs

.debug_ranges   0x00000000      0x400
 .debug_ranges  0x00000000       0x78 Output/Blinker-Prog.obj
 .debug_ranges  0x00000078      0x1d0 Output/Blinker.obj
 .debug_ranges  0x00000248      0x1b8 Output/Hal.obj
